TAP version 13
# Subtest: module export
    # Subtest: exports a factory function
    ok 1 - exports a factory function
      ---
      duration_ms: 14.5822
      type: 'test'
      ...
    1..1
ok 1 - module export
  ---
  duration_ms: 16.3836
  type: 'suite'
  ...
# Subtest: plugin object shape
    # Subtest: has a non-empty string id
    ok 1 - has a non-empty string id
      ---
      duration_ms: 0.4092
      type: 'test'
      ...
    # Subtest: has a non-empty string name
    ok 2 - has a non-empty string name
      ---
      duration_ms: 0.2079
      type: 'test'
      ...
    # Subtest: has a string description
    ok 3 - has a string description
      ---
      duration_ms: 0.1152
      type: 'test'
      ...
    # Subtest: exposes a valid JSON Schema object
    ok 4 - exposes a valid JSON Schema object
      ---
      duration_ms: 0.0992
      type: 'test'
      ...
    # Subtest: has start and stop functions
    ok 5 - has start and stop functions
      ---
      duration_ms: 0.2439
      type: 'test'
      ...
    1..5
ok 2 - plugin object shape
  ---
  duration_ms: 3.8607
  type: 'suite'
  ...
# Subtest: registerWithRouter
    # Subtest: registers the expected GET and PUT routes
    ok 1 - registers the expected GET and PUT routes
      ---
      duration_ms: 2.6529
      type: 'test'
      ...
    # Subtest: GET /settings returns current options with _bounds
    ok 2 - GET /settings returns current options with _bounds
      ---
      duration_ms: 8.4362
      type: 'test'
      ...
    # Subtest: PUT /settings clamps out-of-range numeric values
    ok 3 - PUT /settings clamps out-of-range numeric values
      ---
      duration_ms: 6.3153
      type: 'test'
      ...
    1..3
ok 3 - registerWithRouter
  ---
  duration_ms: 18.0281
  type: 'suite'
  ...
# Subtest: memory leak / feedback loop detection (Issue \#22)
    # Subtest: handleMessage call count stays bounded without feedback (sanity check)
    ok 1 - handleMessage call count stays bounded without feedback (sanity check)
      ---
      duration_ms: 129.4897
      type: 'test'
      ...
